# serializer version: 1
# name: TestEtlPipeline.test_create_and_seed_db
  '''
  ,id,name,accountNumber,interestRate,statementDate,paymentDueDate,csvPath
  0,1,Checking Account,111111111,0.0,,,checkingAccount/
  1,2,Chase Freedom,222222222,20.0,,,creditAccount/
  
  '''
# ---
# name: TestEtlPipeline.test_get_account_history
  '''
  ,details,description,amount,type,balance,checkOrSlipNumber,sha256,stagingLevel,postDate,accountId,loadID
  0,DEBIT,POS DEBIT             PUBLIX                               FL,-44.44,MISC_DEBIT,,,bbfc65a715,allTransactions,2023-06-20,1,1
  1,DEBIT,POS DEBIT             CITGO                                FL,-12.01,MISC_DEBIT,,,5a5183fb8d,allTransactions,2023-06-19,1,1
  2,DEBIT,POS DEBIT             MODERN Karate CENTER   TAMPA         FL,-108.0,MISC_DEBIT,,,2b7ed14dd0,allTransactions,2023-06-18,1,1
  0,DEBIT,POS DEBIT             MODERN Karate CENTER   TAMPA         FL,-108.0,MISC_DEBIT,,,2b7ed14dd0,allTransactions,2023-06-18,1,2
  3,DEBIT,Payment to Credit card ending in 1111                   06/17,-700.0,ACCT_XFER,1651.89,,c200376bf5,allTransactions,2023-06-17,1,1
  1,DEBIT,Payment to Credit card ending in 1111                   06/17,-700.0,ACCT_XFER,1651.89,,c200376bf5,allTransactions,2023-06-17,1,2
  3,DEBIT,GOOGLE *Disney Mobile 855-836-3987 CA                   06/14,-12.47,DEBIT_CARD,2438.76,,dee5a7c27f,allTransactions,2023-06-14,1,2
  4,CREDIT,JOBCOMPANY  PAYROLL                       PPD ID: 0000000001,3000.0,ACH_CREDIT,10000.0,,a4099b862b,allTransactions,2023-06-14,1,2
  4,DEBIT,UTILITIES        UTIL PYMT                 PPD ID: 0000000001,-86.87,ACH_DEBIT,2351.89,,a0ffbc02fb,allTransactions,2023-06-14,1,1
  2,DEBIT,UTILITIES        UTIL PYMT                 PPD ID: 0000000001,-86.87,ACH_DEBIT,2351.89,,a0ffbc02fb,allTransactions,2023-06-14,1,2
  ,transactionDate,postDate,description,category,type,amount,Memo,sha256,stagingLevel,accountId,loadID
  1,2023-06-23,2023-06-24,SQ *CARLA POMA,Shopping,Sale,-27.69,,e2005fdcd7,allTransactions,2,3
  3,2023-06-23,2023-06-24,SQ *CARLA POMA,Shopping,Sale,-27.69,,e2005fdcd7,allTransactions,2,4
  0,2023-06-24,2023-06-24,REDEMPTION CREDIT,Fees & Adjustments,Adjustment,1677.19,,c05ed95317,allTransactions,2,4
  1,2023-06-22,2023-06-24,Lobos Coffee,Food & Drink,Sale,-9.37,,8237767a80,allTransactions,2,4
  0,2023-06-22,2023-06-24,parkreceipts.com T,Travel,Sale,-6.0,,6fb28c31a7,allTransactions,2,3
  2,2023-06-22,2023-06-24,parkreceipts.com T,Travel,Sale,-6.0,,6fb28c31a7,allTransactions,2,4
  2,2023-06-23,2023-06-24,SQ *SKYEBIRD,Food & Drink,Sale,-25.56,,1f086e252f,allTransactions,2,3
  4,2023-06-23,2023-06-24,SQ *SKYEBIRD,Food & Drink,Sale,-25.56,,1f086e252f,allTransactions,2,4
  3,2023-06-22,2023-06-23,TST* Hungry Pants,Food & Drink,Sale,-67.05,,d9aa7a96b3,allTransactions,2,3
  5,2023-06-22,2023-06-23,TST* Hungry Pants,Food & Drink,Sale,-67.05,,d9aa7a96b3,allTransactions,2,4
  4,2023-06-20,2023-06-21,GUTHRIES CHICKEN - TAMPA,Food & Drink,Sale,-23.54,,76e24b0295,allTransactions,2,3
  6,2023-06-20,2023-06-21,GUTHRIES CHICKEN - TAMPA,Food & Drink,Sale,-23.54,,76e24b0295,allTransactions,2,4
  5,2023-06-19,2023-06-20,Amazon.com*HV1TQ4VL1,Shopping,Sale,-26.88,,bfa8b5c2b1,allTransactions,2,3
  7,2023-06-19,2023-06-20,Amazon.com*HV1TQ4VL1,Shopping,Sale,-26.88,,bfa8b5c2b1,allTransactions,2,4
  6,2023-06-20,2023-06-20,GOOGLE *YouTube,Shopping,Sale,-13.6,,9b13c82bca,allTransactions,2,3
  8,2023-06-20,2023-06-20,GOOGLE *YouTube,Shopping,Sale,-13.6,,9b13c82bca,allTransactions,2,4
  7,2023-06-18,2023-06-19,PUBLIX #1808,Groceries,Sale,-9.49,,badbeac19b,allTransactions,2,3
  9,2023-06-18,2023-06-19,PUBLIX #1808,Groceries,Sale,-9.49,,badbeac19b,allTransactions,2,4
  9,2023-06-18,2023-06-19,PUBLIX #1808,Groceries,Sale,-143.53,,b9b01c0d98,allTransactions,2,3
  8,2023-06-18,2023-06-19,STARBUCKS 800-782-7282,Food & Drink,Sale,-25.0,,8c17341749,allTransactions,2,3
  
  '''
# ---
